###############################################################################
#
# IAR ELF Linker V8.20.1.14183/W32 for ARM                12/Mar/2019  09:56:59
# Copyright 2007-2017 IAR Systems AB.
#
#    Output file  =  
#        C:\Projects\RD\WirelessHart\08_Electrical_Eng\Components\Wireless
#        Controller\Radio\try1\Debug\Exe\try1.out
#    Map file     =  
#        C:\Projects\RD\WirelessHart\08_Electrical_Eng\Components\Wireless
#        Controller\Radio\try1\Debug\List\try1.map
#    Command line =  
#        -f C:\Users\I01505~1\AppData\Local\Temp\EW26D6.tmp
#        ("C:\Projects\RD\WirelessHart\08_Electrical_Eng\Components\Wireless
#        Controller\Radio\try1\Debug\Obj\iar_startup_nrf52840.o"
#        "C:\Projects\RD\WirelessHart\08_Electrical_Eng\Components\Wireless
#        Controller\Radio\try1\Debug\Obj\main.o"
#        "C:\Projects\RD\WirelessHart\08_Electrical_Eng\Components\Wireless
#        Controller\Radio\try1\Debug\Obj\system_nrf52.o" -o
#        "C:\Projects\RD\WirelessHart\08_Electrical_Eng\Components\Wireless
#        Controller\Radio\try1\Debug\Exe\try1.out" --redirect
#        _Printf=_PrintfFullNoMb --redirect _Scanf=_ScanfFullNoMb --map
#        "C:\Projects\RD\WirelessHart\08_Electrical_Eng\Components\Wireless
#        Controller\Radio\try1\Debug\List\try1.map" --config
#        "C:\Projects\RD\WirelessHart\08_Electrical_Eng\Components\Wireless
#        Controller\Radio\try1\receiver_iar_nRF5x.icf" --semihosting --entry
#        __iar_program_start --vfe --text_out locale)
#
###############################################################################

*******************************************************************************
*** RUNTIME MODEL ATTRIBUTES
***

CppFlavor       = *
__SystemLibrary = DLib
__dlib_version  = 6


*******************************************************************************
*** HEAP SELECTION
***

The basic heap was selected because no calls to memory allocation
functions were found in the application outside of system library
functions, and there are calls to deallocation functions in the
application.


*******************************************************************************
*** PLACEMENT SUMMARY
***

"A0":  place at 0x00000000 { ro section .intvec };
define block RO_END with size = 0M, alignment = 8 { };
"P1":  place in [from 0x00000000 to 0x000fffff] { ro, block RO_END };
define block CSTACK with size = 8K, alignment = 8 { };
define block HEAP with size = 8K, alignment = 8 { };
"P2":  place in [from 0x20000000 to 0x2003ffff] {
          rw, block CSTACK, block HEAP };
initialize by copy { rw };
keep { section .intvec };

  Section            Kind        Address    Size  Object
  -------            ----        -------    ----  ------
"A0":                                      0x200
  .intvec            ro code  0x00000000   0x200  iar_startup_nrf52840.o [1]
                            - 0x00000200   0x200

"P1":                                      0x8ae
  .text              ro code  0x00000200   0x560  system_nrf52.o [1]
  .text              ro code  0x00000760   0x1a6  main.o [1]
  .text              ro code  0x00000906    0x40  zero_init3.o [5]
  .text              ro code  0x00000946    0x2c  copy_init3.o [5]
  .text              ro code  0x00000972     0x2  iar_startup_nrf52840.o [1]
  .text              ro code  0x00000974    0x28  data_init.o [5]
  .text              ro code  0x0000099c    0x22  fpinit_M.o [4]
  .iar.init_table    const    0x000009c0    0x24  - Linker created -
  .text              ro code  0x000009e4     0x2  iar_startup_nrf52840.o [1]
  .text              ro code  0x000009e8    0x1e  cmain.o [5]
  .text              ro code  0x00000a06     0x4  low_level_init.o [3]
  .text              ro code  0x00000a0a     0x4  exit.o [3]
  .text              ro code  0x00000a0e     0x2  iar_startup_nrf52840.o [1]
  .text              ro code  0x00000a10     0xa  cexit.o [5]
  .text              ro code  0x00000a1a     0x2  iar_startup_nrf52840.o [1]
  .text              ro code  0x00000a1c    0x14  exit.o [6]
  .text              ro code  0x00000a30    0x10  iar_startup_nrf52840.o [1]
  .text              ro code  0x00000a40     0xc  cstartup_M.o [5]
  Initializer bytes  const    0x00000a4c     0x4  <for P2-1>
  .text              ro code  0x00000a50     0x2  iar_startup_nrf52840.o [1]
  .text              ro code  0x00000a52     0x2  iar_startup_nrf52840.o [1]
  .text              ro code  0x00000a54     0x2  iar_startup_nrf52840.o [1]
  .text              ro code  0x00000a56     0x2  iar_startup_nrf52840.o [1]
  .text              ro code  0x00000a58     0x2  iar_startup_nrf52840.o [1]
  .text              ro code  0x00000a5a     0x2  iar_startup_nrf52840.o [1]
  .text              ro code  0x00000a5c     0x2  iar_startup_nrf52840.o [1]
  .text              ro code  0x00000a5e     0x2  iar_startup_nrf52840.o [1]
  .text              ro code  0x00000a60     0x2  iar_startup_nrf52840.o [1]
  .text              ro code  0x00000a62     0x2  iar_startup_nrf52840.o [1]
  .text              ro code  0x00000a64     0x2  iar_startup_nrf52840.o [1]
  .text              ro code  0x00000a66     0x2  iar_startup_nrf52840.o [1]
  .text              ro code  0x00000a68     0x2  iar_startup_nrf52840.o [1]
  .text              ro code  0x00000a6a     0x2  iar_startup_nrf52840.o [1]
  .text              ro code  0x00000a6c     0x2  iar_startup_nrf52840.o [1]
  .text              ro code  0x00000a6e     0x2  iar_startup_nrf52840.o [1]
  .text              ro code  0x00000a70     0x2  iar_startup_nrf52840.o [1]
  .text              ro code  0x00000a72     0x2  iar_startup_nrf52840.o [1]
  .text              ro code  0x00000a74     0x2  iar_startup_nrf52840.o [1]
  .text              ro code  0x00000a76     0x2  iar_startup_nrf52840.o [1]
  .text              ro code  0x00000a78     0x2  iar_startup_nrf52840.o [1]
  .text              ro code  0x00000a7a     0x2  iar_startup_nrf52840.o [1]
  .text              ro code  0x00000a7c     0x2  iar_startup_nrf52840.o [1]
  .text              ro code  0x00000a7e     0x2  iar_startup_nrf52840.o [1]
  .text              ro code  0x00000a80     0x2  iar_startup_nrf52840.o [1]
  .text              ro code  0x00000a82     0x2  iar_startup_nrf52840.o [1]
  .text              ro code  0x00000a84     0x2  iar_startup_nrf52840.o [1]
  .text              ro code  0x00000a86     0x2  iar_startup_nrf52840.o [1]
  .text              ro code  0x00000a88     0x2  iar_startup_nrf52840.o [1]
  .text              ro code  0x00000a8a     0x2  iar_startup_nrf52840.o [1]
  .text              ro code  0x00000a8c     0x2  iar_startup_nrf52840.o [1]
  .text              ro code  0x00000a8e     0x2  iar_startup_nrf52840.o [1]
  .text              ro code  0x00000a90     0x2  iar_startup_nrf52840.o [1]
  .text              ro code  0x00000a92     0x2  iar_startup_nrf52840.o [1]
  .text              ro code  0x00000a94     0x2  iar_startup_nrf52840.o [1]
  .text              ro code  0x00000a96     0x2  iar_startup_nrf52840.o [1]
  .text              ro code  0x00000a98     0x2  iar_startup_nrf52840.o [1]
  .text              ro code  0x00000a9a     0x2  iar_startup_nrf52840.o [1]
  .text              ro code  0x00000a9c     0x2  iar_startup_nrf52840.o [1]
  .text              ro code  0x00000a9e     0x2  iar_startup_nrf52840.o [1]
  .text              ro code  0x00000aa0     0x2  iar_startup_nrf52840.o [1]
  .text              ro code  0x00000aa2     0x2  iar_startup_nrf52840.o [1]
  .text              ro code  0x00000aa4     0x2  iar_startup_nrf52840.o [1]
  .text              ro code  0x00000aa6     0x2  iar_startup_nrf52840.o [1]
  .text              ro code  0x00000aa8     0x2  iar_startup_nrf52840.o [1]
  .text              ro code  0x00000aaa     0x2  iar_startup_nrf52840.o [1]
  .text              ro code  0x00000aac     0x2  iar_startup_nrf52840.o [1]
  .rodata            const    0x00000aae     0x0  zero_init3.o [5]
  .rodata            const    0x00000aae     0x0  copy_init3.o [5]
                            - 0x00000aae   0x8ae

"P2", part 1 of 3:                           0x4
  P2-1                        0x20000000     0x4  <Init block>
    .data            inited   0x20000000     0x4  system_nrf52.o [1]
                            - 0x20000004     0x4

"P2", part 2 of 3:                          0x6c
  .bss               zero     0x20000004    0x64  main.o [1]
  .bss               zero     0x20000068     0x4  main.o [1]
  .bss               zero     0x2000006c     0x4  main.o [1]
                            - 0x20000070    0x6c

"P2", part 3 of 3:                        0x2000
  CSTACK                      0x20000070  0x2000  <Block>
    CSTACK           uninit   0x20000070  0x2000  <Block tail>
                            - 0x20002070  0x2000


*******************************************************************************
*** INIT TABLE
***

          Address     Size
          -------     ----
Zero (__iar_zero_init3)
    1 destination range, total size 0x6c:
          0x20000004  0x6c

Copy (__iar_copy_init3)
    1 source range, total size 0x4:
          0x00000a4c   0x4
    1 destination range, total size 0x4:
          0x20000000   0x4



*******************************************************************************
*** MODULE SUMMARY
***

    Module                  ro code  ro data  rw data
    ------                  -------  -------  -------
C:\Projects\RD\WirelessHart\08_Electrical_Eng\Components\Wireless Controller\Radio\try1\Debug\Obj: [1]
    iar_startup_nrf52840.o      630
    main.o                      422               108
    system_nrf52.o            1 376        4        4
    -------------------------------------------------
    Total:                    2 428        4      112

command line: [2]
    -------------------------------------------------
    Total:

dl7M_tln.a: [3]
    exit.o                        4
    low_level_init.o              4
    -------------------------------------------------
    Total:                        8

m7M_tls.a: [4]
    fpinit_M.o                   34
    -------------------------------------------------
    Total:                       34

rt7M_tl.a: [5]
    cexit.o                      10
    cmain.o                      30
    copy_init3.o                 44
    cstartup_M.o                 12
    data_init.o                  40
    zero_init3.o                 64
    -------------------------------------------------
    Total:                      200

shb_l.a: [6]
    exit.o                       20
    -------------------------------------------------
    Total:                       20

    Gaps                          2        2
    Linker created                        36    8 192
-----------------------------------------------------
    Grand Total:              2 692       42    8 304


*******************************************************************************
*** ENTRY LIST
***

Entry                      Address   Size  Type      Object
-----                      -------   ----  ----      ------
.iar.init_table$$Base   0x000009c0          --   Gb  - Linker created -
.iar.init_table$$Limit  0x000009e4          --   Gb  - Linker created -
?main                   0x000009e9         Code  Gb  cmain.o [5]
CSTACK$$Base            0x20000070          --   Gb  - Linker created -
CSTACK$$Limit           0x20002070          --   Gb  - Linker created -
EnableRadioIRQ          0x00000789   0x1e  Code  Gb  main.o [1]
NVIC_ClearPendingIRQ    0x00000775   0x14  Code  Lc  main.o [1]
NVIC_EnableIRQ          0x00000761   0x14  Code  Lc  main.o [1]
RADIO_IRQHandler        0x00000801   0x54  Code  Gb  main.o [1]
Region$$Table$$Base     0x000009c0          --   Gb  - Linker created -
Region$$Table$$Limit    0x000009e4          --   Gb  - Linker created -
SystemCoreClock         0x20000000    0x4  Data  Gb  system_nrf52.o [1]
SystemCoreClockUpdate   0x00000201    0xc  Code  Gb  system_nrf52.o [1]
SystemInit              0x0000020d  0x1f2  Code  Gb  system_nrf52.o [1]
__ICFEDIT_region_RAM_end__ {Abs}
                        0x2003ffff         Data  Gb  command line/config [2]
__ICFEDIT_region_RAM_start__ {Abs}
                        0x20000000         Data  Gb  command line/config [2]
__Vectors               0x00000000          --   Gb  iar_startup_nrf52840.o [1]
__Vectors_End           0x00000200         Data  Gb  iar_startup_nrf52840.o [1]
__Vectors_Size {Abs}    0x00000200          --   Gb  iar_startup_nrf52840.o [1]
__cmain                 0x000009e9         Code  Gb  cmain.o [5]
__exit                  0x00000a1d   0x14  Code  Gb  exit.o [6]
__iar_copy_init3        0x00000947   0x2c  Code  Gb  copy_init3.o [5]
__iar_data_init3        0x00000975   0x28  Code  Gb  data_init.o [5]
__iar_init_vfp          0x0000099d         Code  Gb  fpinit_M.o [4]
__iar_program_start     0x00000a41         Code  Gb  cstartup_M.o [5]
__iar_systems$$module {Abs}
                        0x00000001         Data  Gb  command line/config [2]
__iar_zero_init3        0x00000907   0x40  Code  Gb  zero_init3.o [5]
__low_level_init        0x00000a07    0x4  Code  Gb  low_level_init.o [3]
__vector_table          0x00000000         Data  Gb  iar_startup_nrf52840.o [1]
_call_main              0x000009f5         Code  Gb  cmain.o [5]
_exit                   0x00000a11         Code  Gb  cexit.o [5]
_main                   0x00000a03         Code  Gb  cmain.o [5]
clock_initialization    0x000007a7   0x32  Code  Gb  main.o [1]
data                    0x20000004   0x64  Data  Gb  main.o [1]
dostuff                 0x000007d9   0x28  Code  Gb  main.o [1]
errata_108              0x000005bf   0x4a  Code  Lc  system_nrf52.o [1]
errata_12               0x000003ff   0x54  Code  Lc  system_nrf52.o [1]
errata_136              0x00000609   0x4a  Code  Lc  system_nrf52.o [1]
errata_16               0x00000453   0x30  Code  Lc  system_nrf52.o [1]
errata_182              0x00000653   0x18  Code  Lc  system_nrf52.o [1]
errata_31               0x00000483   0x4a  Code  Lc  system_nrf52.o [1]
errata_32               0x000004cd   0x2a  Code  Lc  system_nrf52.o [1]
errata_36               0x000004f7   0x4a  Code  Lc  system_nrf52.o [1]
errata_37               0x00000541   0x2a  Code  Lc  system_nrf52.o [1]
errata_57               0x0000056b   0x2a  Code  Lc  system_nrf52.o [1]
errata_66               0x00000595   0x2a  Code  Lc  system_nrf52.o [1]
exit                    0x00000a0b    0x4  Code  Gb  exit.o [3]
main                    0x000008f9    0xe  Code  Gb  main.o [1]
packet                  0x2000006c    0x4  Data  Lc  main.o [1]
position                0x20000068    0x4  Data  Lc  main.o [1]
radio_configure         0x00000855   0x42  Code  Gb  main.o [1]


[1] = C:\Projects\RD\WirelessHart\08_Electrical_Eng\Components\Wireless Controller\Radio\try1\Debug\Obj
[2] = command line
[3] = dl7M_tln.a
[4] = m7M_tls.a
[5] = rt7M_tl.a
[6] = shb_l.a

  2 692 bytes of readonly  code memory
     42 bytes of readonly  data memory
  8 304 bytes of readwrite data memory

Errors: none
Warnings: none
